// Jest Snapshot v1, https://goo.gl/fbAQLP

exports[`should render CustomButton component 1`] = `
<button
  className="button"
  type="button"
>
  <div
    className=""
  />
</button>
`;
