// Jest Snapshot v1, https://goo.gl/fbAQLP

exports[`should render FormInput component 1`] = `
<div
  className="group"
>
  <input
    className="form-input"
  />
</div>
`;
