// Jest Snapshot v1, https://goo.gl/fbAQLP

exports[`should render Nomination component 1`] = `
<div>
  <div
    className="nomination-list"
  >
    <h2
      className="title"
    >
      Nomination List
    </h2>
  </div>
</div>
`;
